  GET      / ................................................................................................ 
  POST     /some/thing/{one?}/{two}/some/{three?} ........................................................... 
  GET      /test ................................................................................. test.index
  POST     /test ................................................................................. test.store
  GET      /test/create ......................................................................... test.create
  GET      /test/{test} ........................................................................... test.edit
  PUT      /test/{test} ......................................................................... test.update
  PATCH    /test/{test} ......................................................................... test.update
  DELETE   /test/{test} ........................................................................ test.destroy
  GET      /{one?}/{two}/some/{three?} ...................................................................... 
