  [32mGET[39m[37;1m|[39;22m[39mHEAD[39m       [37;1m/[39;22m[34m .......................................................................................... [39m
  [32mGET[39m[37;1m|[39;22m[39mHEAD[39m       [37;1madmin[39;22m[34m ...................................................................................... [39m
  [35mPOST[39m           [37;1msome/thing/[39;22m[33m{one?}[39m[37;1m/[39;22m[33m{two}[39m[37;1m/some/[39;22m[33m{three?}[39m[34m ...................................................... [39m
  [32mGET[39m[37;1m|[39;22m[39mHEAD[39m       [37;1mtest[39;22m[34m ............................................................................ [39mtest.index
  [35mPOST[39m           [37;1mtest[39;22m[34m ............................................................................ [39mtest.store
  [32mGET[39m[37;1m|[39;22m[39mHEAD[39m       [37;1mtest/create[39;22m[34m .................................................................... [39mtest.create
  [32mGET[39m[37;1m|[39;22m[39mHEAD[39m       [37;1mtest/[39;22m[33m{test}[39m[34m ...................................................................... [39mtest.show
  [33mPUT[39m[37;1m|[39;22m[33mPATCH[39m      [37;1mtest/[39;22m[33m{test}[39m[34m .................................................................... [39mtest.update
  [31mDELETE[39m         [37;1mtest/[39;22m[33m{test}[39m[34m ................................................................... [39mtest.destroy
  [32mGET[39m[37;1m|[39;22m[39mHEAD[39m       [37;1mtest/[39;22m[33m{test}[39m[37;1m/edit[39;22m[34m ................................................................. [39mtest.edit
  [32mGET[39m[37;1m|[39;22m[39mHEAD[39m       [33m{one?}[39m[37;1m/[39;22m[33m{two}[39m[37;1m/some/[39;22m[33m{three?}[39m[34m ................................................................. [39m
