  GET|HEAD       / .......................................................................................... 
  GET|HEAD       admin ...................................................................................... 
  POST           some/thing/{one?}/{two}/some/{three?} ...................................................... 
  GET|HEAD       test ............................................................................ test.index
  POST           test ............................................................................ test.store
  GET|HEAD       test/create .................................................................... test.create
  GET|HEAD       test/{test} ...................................................................... test.show
  PUT|PATCH      test/{test} .................................................................... test.update
  DELETE         test/{test} ................................................................... test.destroy
  GET|HEAD       test/{test}/edit ................................................................. test.edit
  GET|HEAD       {one?}/{two}/some/{three?} ................................................................. 
