  GET|HEAD      / ........................................................................................... 
  GET|HEAD      admin ....................................................................................... 
