  GET|HEAD  / ............................................................................................... 
  GET|HEAD  admin ........................................................................................... 
  POST      some/thing/{one?}/{two}/some/{three?} ........................................................... 
  GET|HEAD  {one?}/{two}/some/{three?} ...................................................................... 
