  POST      some/thing/{one?}/{two}/some/{three?} ........................................................... 
  POST      test ................................................................................. test.store
